/Users/Lorenzo.Sanseverino/Documents/GitHub/Beebot/src/test/java/com/safjnest/AppTest.java
/Users/Lorenzo.Sanseverino/Documents/GitHub/Beebot/src/test/java/com/safjnest/lol/champion/ChampionBuildProviderTest.java
/Users/Lorenzo.Sanseverino/Documents/GitHub/Beebot/src/test/java/com/safjnest/lol/message/LeagueMessageOpggTitleTest.java
/Users/Lorenzo.Sanseverino/Documents/GitHub/Beebot/src/test/java/com/safjnest/lol/model/ActivityFilterTest.java
/Users/Lorenzo.Sanseverino/Documents/GitHub/Beebot/src/test/java/com/safjnest/lol/model/ApiResultTest.java
/Users/Lorenzo.Sanseverino/Documents/GitHub/Beebot/src/test/java/com/safjnest/lol/model/BuildTest.java
/Users/Lorenzo.Sanseverino/Documents/GitHub/Beebot/src/test/java/com/safjnest/lol/model/ChampionStatisticsTest.java
/Users/Lorenzo.Sanseverino/Documents/GitHub/Beebot/src/test/java/com/safjnest/lol/model/FilterTest.java
/Users/Lorenzo.Sanseverino/Documents/GitHub/Beebot/src/test/java/com/safjnest/lol/model/LiveGameTest.java
/Users/Lorenzo.Sanseverino/Documents/GitHub/Beebot/src/test/java/com/safjnest/lol/model/ProfileActivityTest.java
/Users/Lorenzo.Sanseverino/Documents/GitHub/Beebot/src/test/java/com/safjnest/lol/model/ProfileIndexableTest.java
/Users/Lorenzo.Sanseverino/Documents/GitHub/Beebot/src/test/java/com/safjnest/lol/model/ProfileMatchupsTest.java
/Users/Lorenzo.Sanseverino/Documents/GitHub/Beebot/src/test/java/com/safjnest/lol/model/ProfileStatisticsTest.java
/Users/Lorenzo.Sanseverino/Documents/GitHub/Beebot/src/test/java/com/safjnest/lol/model/status/MongoMetricsSnapshotTest.java
/Users/Lorenzo.Sanseverino/Documents/GitHub/Beebot/src/test/java/com/safjnest/lol/queue/RouterTest.java
/Users/Lorenzo.Sanseverino/Documents/GitHub/Beebot/src/test/java/com/safjnest/lol/service/ChampionAnalyzerTest.java
/Users/Lorenzo.Sanseverino/Documents/GitHub/Beebot/src/test/java/com/safjnest/lol/service/ChampionBuildEngineTest.java
/Users/Lorenzo.Sanseverino/Documents/GitHub/Beebot/src/test/java/com/safjnest/lol/service/ChampionServiceIndexableTest.java
/Users/Lorenzo.Sanseverino/Documents/GitHub/Beebot/src/test/java/com/safjnest/lol/service/ChampionServiceMatrixTest.java
/Users/Lorenzo.Sanseverino/Documents/GitHub/Beebot/src/test/java/com/safjnest/lol/service/ChampionTierAnalyzerTest.java
/Users/Lorenzo.Sanseverino/Documents/GitHub/Beebot/src/test/java/com/safjnest/lol/service/ProfileServiceTest.java
/Users/Lorenzo.Sanseverino/Documents/GitHub/Beebot/src/test/java/com/safjnest/lol/tracker/TrackerTest.java
/Users/Lorenzo.Sanseverino/Documents/GitHub/Beebot/src/test/java/com/safjnest/lol/utils/LaneTypeUtilsTest.java
/Users/Lorenzo.Sanseverino/Documents/GitHub/Beebot/src/test/java/com/safjnest/mongo/LeagueDbRuntimeGuardTest.java
/Users/Lorenzo.Sanseverino/Documents/GitHub/Beebot/src/test/java/com/safjnest/mongo/MongoDBTest.java
/Users/Lorenzo.Sanseverino/Documents/GitHub/Beebot/src/test/java/com/safjnest/mongo/MongoMigrationTest.java
/Users/Lorenzo.Sanseverino/Documents/GitHub/Beebot/src/test/java/com/safjnest/nosql/AbstractEntityTest.java
/Users/Lorenzo.Sanseverino/Documents/GitHub/Beebot/src/test/java/com/safjnest/nosql/MongoChampionBuildRecordTest.java
/Users/Lorenzo.Sanseverino/Documents/GitHub/Beebot/src/test/java/com/safjnest/nosql/MongoChampionStatisticsDocumentTest.java
/Users/Lorenzo.Sanseverino/Documents/GitHub/Beebot/src/test/java/com/safjnest/nosql/MongoCommandMonitorTest.java
/Users/Lorenzo.Sanseverino/Documents/GitHub/Beebot/src/test/java/com/safjnest/nosql/MongoDBTrackingTest.java
/Users/Lorenzo.Sanseverino/Documents/GitHub/Beebot/src/test/java/com/safjnest/nosql/MongoIndexPolicyTest.java
/Users/Lorenzo.Sanseverino/Documents/GitHub/Beebot/src/test/java/com/safjnest/nosql/MongoLeaderboardTest.java
/Users/Lorenzo.Sanseverino/Documents/GitHub/Beebot/src/test/java/com/safjnest/redis/RedisKeyTest.java
/Users/Lorenzo.Sanseverino/Documents/GitHub/Beebot/src/test/java/com/safjnest/redis/RedisMemoryParserTest.java
/Users/Lorenzo.Sanseverino/Documents/GitHub/Beebot/src/test/java/com/safjnest/spring/config/LolApiConfigTest.java
/Users/Lorenzo.Sanseverino/Documents/GitHub/Beebot/src/test/java/com/safjnest/spring/controller/ChampionControllerTest.java
/Users/Lorenzo.Sanseverino/Documents/GitHub/Beebot/src/test/java/com/safjnest/spring/controller/LolApiExceptionHandlerTest.java
/Users/Lorenzo.Sanseverino/Documents/GitHub/Beebot/src/test/java/com/safjnest/spring/controller/LolApiResponsesTest.java
/Users/Lorenzo.Sanseverino/Documents/GitHub/Beebot/src/test/java/com/safjnest/spring/controller/LolControllerTest.java
/Users/Lorenzo.Sanseverino/Documents/GitHub/Beebot/src/test/java/com/safjnest/spring/controller/ProfileIndexableControllerTest.java
/Users/Lorenzo.Sanseverino/Documents/GitHub/Beebot/src/test/java/com/safjnest/spring/controller/StatusControllerTest.java
/Users/Lorenzo.Sanseverino/Documents/GitHub/Beebot/src/test/java/com/safjnest/sql/QueryRecordParserTest.java
/Users/Lorenzo.Sanseverino/Documents/GitHub/Beebot/src/test/java/com/safjnest/status/LeagueMetricsStoreTest.java
/Users/Lorenzo.Sanseverino/Documents/GitHub/Beebot/src/test/java/com/safjnest/status/MongoMetricsSamplerTest.java
/Users/Lorenzo.Sanseverino/Documents/GitHub/Beebot/src/test/java/com/safjnest/status/StatusRatesTest.java
/Users/Lorenzo.Sanseverino/Documents/GitHub/Beebot/src/test/java/com/safjnest/status/SystemMetricsSamplerTest.java
/Users/Lorenzo.Sanseverino/Documents/GitHub/Beebot/src/test/java/com/safjnest/utils/ValidationUtilsTest.java
