com/safjnest/core/Chronos.class
org/voicerss/tts/Voice/Voices$Korean.class
com/safjnest/lol/model/match/Match.class
com/safjnest/lol/service/ChampionTierAnalyzer$ClusterPoint.class
com/safjnest/lol/queue/scheduler/DatabaseWorkerType.class
com/safjnest/commands/owner/ListGuild.class
com/safjnest/lol/utils/ParticipantBuildCodec.class
com/safjnest/nosql/AbstractEntity.class
com/safjnest/commands/settings/Prefix.class
com/safjnest/lol/champion/ChampionStatsData$TrendParticipant.class
com/safjnest/core/events/EventModalInteractionHandler.class
com/safjnest/spring/controller/LolController.class
com/safjnest/lol/model/summoner/SummonerView.class
com/safjnest/lol/queue/QueueHandler.class
com/safjnest/commands/misc/twitch/TwitchUser.class
org/voicerss/tts/Speech/SpeechErrorEventListener.class
com/safjnest/core/cache/CacheAdapter.class
com/safjnest/commands/misc/omegle/OmegleStop.class
org/voicerss/tts/Voice/Voices$Hungarian.class
com/safjnest/lol/champion/BuildSignature.class
com/safjnest/utils/ExperienceSystem.class
com/safjnest/nosql/MongoDB$ChampionRawDocuments.class
org/voicerss/tts/Voice/Voices$French_Switzerland.class
com/safjnest/lol/model/Augment.class
com/safjnest/lol/model/match/MatchResult.class
com/safjnest/lol/utils/LeagueShardUtils.class
com/safjnest/spring/controller/LolApiExceptionHandler.class
com/safjnest/lol/model/match/RankProgress.class
org/voicerss/tts/Voice/Voices$Hebrew.class
com/safjnest/utils/twitch/TwitchEventsHandler.class
com/safjnest/nosql/MongoCommandMonitor$CollectionStats.class
org/voicerss/tts/Voice/Voices$Arabic_Egypt.class
com/safjnest/nosql/MongoDB$SummonerSearchResult.class
com/safjnest/commands/misc/twitch/Twitch.class
com/safjnest/utils/AutomatedActionTimer.class
com/safjnest/status/StatusService.class
com/safjnest/lol/model/status/SystemMetrics$Memory.class
org/voicerss/tts/Voice/Voices$Catalan.class
com/safjnest/lol/service/RankService$1.class
com/safjnest/status/SampledMetrics.class
com/safjnest/model/spotify/SpotifyTrack.class
com/safjnest/model/guild/alert/AlertSendType.class
com/safjnest/lol/utils/LaneTypeUtils.class
com/safjnest/lol/champion/ChampionStatsData$MatchData.class
com/safjnest/core/audio/types/ReplyType.class
com/safjnest/core/events/types/WarningEvent.class
com/safjnest/lol/utils/ItemUtils.class
com/safjnest/utils/JsonCodec.class
org/voicerss/tts/Voice/Voices$Czech.class
com/safjnest/lol/service/MasteryService$3.class
com/safjnest/sql/AbstractDB.class
org/voicerss/tts/Voice/Voices$English_UnitedStates.class
com/safjnest/model/guild/alert/TwitchData.class
com/safjnest/core/Chronos$ChronoTask.class
com/safjnest/commands/settings/LevelUp.class
org/voicerss/tts/Voice/Voices$French_France.class
com/safjnest/lol/service/ProfileAnalyzer$ProfileMatchContext.class
com/safjnest/core/events/Functions$1.class
com/safjnest/lol/model/statistics/ProfileActivity$Bucket.class
com/safjnest/lol/model/Build$RuneOption.class
com/safjnest/lol/model/leaderboard/LeaderboardDistribution.class
com/safjnest/lol/champion/ChampionStatsData$EventMetric.class
com/safjnest/redis/RedisKey.class
com/safjnest/lol/model/statistics/ProfileActivity$Session.class
com/safjnest/nosql/MongoMigration$Checkpoint.class
com/safjnest/lol/model/statistics/ProfileMatchups$Champion.class
com/safjnest/lol/model/statistics/ProfileMatchups$Accumulator.class
com/safjnest/lol/model/status/JvmMetrics$Memory.class
com/safjnest/lol/model/summoner/Summoner.class
org/voicerss/tts/Voice/Voices$Hindi.class
com/safjnest/lol/model/Filter$RankBehavior.class
com/safjnest/model/spotify/SpotifyArtist.class
com/safjnest/commands/queue/Queue.class
com/safjnest/lol/model/ChampionStatistics$Overview.class
com/safjnest/nosql/MongoCommandMonitor$ClientOpcounters.class
com/safjnest/lol/service/ChampionService.class
com/safjnest/commands/owner/Test$MonthlyTask.class
com/safjnest/lol/utils/SeasonUtils$SeasonRange.class
com/safjnest/lol/model/ChampionStatistics$MatchupKeySerializer.class
org/voicerss/tts/Voice/Voices$Tamil.class
org/voicerss/tts/Voice/VoiceProvider.class
com/safjnest/lol/queue/scheduler/ComputeScheduler.class
com/safjnest/lol/model/rune/PageRunes.class
com/safjnest/lol/model/status/SystemMetrics$Cpu.class
com/safjnest/utils/AlertMessage.class
com/safjnest/model/guild/MemberData.class
org/voicerss/tts/Voice/Voices$Portuguese_Portugal.class
com/safjnest/utils/BotCommand.class
com/safjnest/lol/utils/LeagueMessageUtils$1.class
com/safjnest/lol/model/Build$SkillOrderOption.class
com/safjnest/lol/model/ResponseMetadata.class
com/safjnest/lol/service/ChampionTierAnalyzer$RoleEligibility.class
com/safjnest/utils/twitch/TwitchClient.class
com/safjnest/lol/queue/job/JobPriority.class
com/safjnest/commands/misc/Msg.class
com/safjnest/commands/misc/APOD.class
com/safjnest/lol/model/ChampionTierSource$Champion.class
com/safjnest/nosql/MongoCommandMonitor$PendingCommand.class
com/safjnest/lol/model/rune/Rune.class
org/voicerss/tts/Voice/VoiceProvider$1.class
org/voicerss/tts/Audio/AudioFormat$Format_12KHZ.class
org/voicerss/tts/Speech/SpeechDataEventListener.class
com/safjnest/lol/model/match/Participant.class
org/voicerss/tts/Voice/Voices$Norwegian.class
com/safjnest/core/audio/SafjAudioPlaylist.class
com/safjnest/utils/spotify/SpotifyMessage$1.class
com/safjnest/commands/misc/Bug.class
com/safjnest/commands/misc/omegle/Omegle.class
com/safjnest/lol/utils/BuildUtils.class
com/safjnest/commands/owner/Restart.class
com/safjnest/lol/service/SummonerService$2.class
com/safjnest/lol/service/SummonerService$RefreshResult.class
com/safjnest/commands/owner/Shutdown.class
org/voicerss/tts/Voice/Voices$Slovak.class
com/safjnest/lol/service/ChampionTierAnalyzer$RoleChampion.class
com/safjnest/core/chat/ChatHandler.class
com/safjnest/lol/service/ChampionAnalyzer$RawProjection.class
com/safjnest/lol/queue/worker/JobQueue$1.class
com/safjnest/model/guild/AutomatedAction.class
com/safjnest/utils/log/BotLoggerColorConverter.class
com/safjnest/lol/service/RankService$3.class
com/safjnest/lol/model/ActivityFilter.class
org/voicerss/tts/Voice/Voices$Spanish_Mexico.class
com/safjnest/lol/model/statistics/Stats.class
com/safjnest/lol/model/status/MongoCollectionPerformance.class
com/safjnest/lol/service/ChampionTierAnalyzer$Moments.class
com/safjnest/commands/misc/spotify/SpotifyLink.class
org/voicerss/tts/Voice/Voices$English_GreatBritain.class
com/safjnest/lol/champion/ChampionStatsProvider.class
com/safjnest/commands/misc/spotify/SpotifyAlbums.class
com/safjnest/lol/model/statistics/ProfileActivity$Heatmap.class
com/safjnest/lol/model/status/MongoHottestCollection.class
com/safjnest/lol/service/ProfileService.class
com/safjnest/lol/tracker/Tracker$1MatchEntry.class
org/voicerss/tts/Voice/Voices$Slovenian.class
com/safjnest/model/spotify/SpotifyAlbum.class
com/safjnest/core/events/EventButtonHandler.class
com/safjnest/lol/model/ProfileIndexable.class
com/safjnest/core/audio/ByteArraySeekableInputStream.class
com/safjnest/nosql/MongoMigration.class
com/safjnest/lol/champion/ChampionBuildData$Game.class
com/safjnest/lol/model/status/SystemMetrics.class
com/safjnest/nosql/MongoCommandMonitor.class
com/safjnest/lol/model/ChampionStatistics$MatchupKeyDeserializer.class
com/safjnest/lol/model/ChampionStatistics$Trend.class
com/safjnest/lol/service/ChampionTierAnalyzer$RolePoint.class
com/safjnest/lol/model/statistics/ProfileActivity$HourActivity.class
com/safjnest/lol/model/status/MongoOperationsMetrics.class
com/safjnest/commands/settings/AutomatedAction.class
com/safjnest/spring/controller/LeaderboardController.class
com/safjnest/sql/database/LeagueDB.class
org/voicerss/tts/Audio/AudioFormat.class
com/safjnest/utils/spotify/SpotifyTokenManager.class
com/safjnest/lol/model/statistics/ProfileStatistics.class
com/safjnest/utils/TimeConstant.class
com/safjnest/model/guild/GuildData.class
com/safjnest/lol/champion/RuneSignature.class
com/safjnest/utils/PermissionHandler.class
com/safjnest/lol/service/ChampionAnalyzer$MatrixResult.class
com/safjnest/utils/DateHandler.class
com/safjnest/lol/model/statistics/ProfileActivity$Coverage.class
com/safjnest/commands/misc/Alias.class
org/voicerss/tts/Audio/AudioFormat$Format_11KHZ.class
com/safjnest/lol/LeagueHandler$1.class
com/safjnest/commands/queue/Previous.class
com/safjnest/nosql/MongoDB$RankProgressPage.class
com/safjnest/commands/misc/Help.class
com/safjnest/lol/model/match/LiveGame$Participant.class
com/safjnest/lol/model/statistics/ProfileActivity$SessionAccumulator.class
com/safjnest/lol/model/Build.class
com/safjnest/lol/service/ChampionBuildEngine$SkillOrderTrie.class
com/safjnest/core/events/EventHandlerBeebot.class
com/safjnest/lol/service/ChampionAnalyzer$MatrixMetrics.class
com/safjnest/core/events/EventComponentsHandler$1.class
org/voicerss/tts/Voice/Voices$Chinese_HongKong.class
com/safjnest/lol/service/ChampionTierAnalyzer.class
com/safjnest/lol/model/status/WorkerStatus.class
com/safjnest/lol/service/ChampionAnalyzer$RawMatrix.class
org/voicerss/tts/Audio/AudioFormat$Format_24KHZ.class
com/safjnest/lol/champion/ChampionStatsData$RawMatch.class
com/safjnest/commands/owner/RandomMove.class
com/safjnest/lol/service/ChampionAnalyzer$RawBucket.class
com/safjnest/core/cache/managers/GenericCache.class
com/safjnest/lol/model/match/MatchPage.class
com/safjnest/lol/model/Build$SlotOption.class
com/safjnest/commands/queue/JumpTo.class
com/safjnest/commands/misc/twitch/TwitchUnlink.class
com/safjnest/core/cache/managers/SoundCache.class
com/safjnest/lol/model/status/MongoOperationSample.class
org/voicerss/tts/Voice/Voices$English_India.class
org/voicerss/tts/Voice/Voices$German_Switzerland.class
com/safjnest/lol/champion/ChampionStatsData.class
com/safjnest/commands/misc/twitch/TwitchMenu.class
com/safjnest/sql/database/SpotifyDB$2.class
com/safjnest/core/events/EventComponentsHandler.class
com/safjnest/commands/settings/Welcome.class
com/safjnest/lol/queue/scheduler/AbstractScheduler.class
com/safjnest/model/guild/alert/AlertData.class
com/safjnest/lol/model/Build$Option.class
com/safjnest/core/audio/SoundAnalytics$UpdateSound.class
com/safjnest/commands/misc/spotify/SpotifyArtists.class
com/safjnest/lol/utils/ChampionUtils.class
org/voicerss/tts/Audio/AudioFormat$Format_32KHZ.class
com/safjnest/lol/service/ChampionTierAnalyzer$Centroid.class
com/safjnest/lol/queue/scheduler/ChampionMatrixRequest.class
com/safjnest/lol/model/status/QueueStatus.class
com/safjnest/lol/model/status/SchedulerStatus.class
com/safjnest/core/audio/ResultHandler.class
com/safjnest/core/events/CommandEventHandler.class
com/safjnest/core/events/EventButtonHandler$1.class
org/voicerss/tts/Voice/Voices$Danish.class
com/safjnest/sql/DatabaseHandler.class
com/safjnest/core/events/EventUtils.class
com/safjnest/lol/model/summoner/Mastery.class
com/safjnest/commands/misc/SpecialChar.class
com/safjnest/lol/queue/job/Job.class
com/safjnest/lol/model/ChampionStatistics$LaneSynergy.class
com/safjnest/core/cache/managers/UserCache.class
com/safjnest/utils/ValidationUtils.class
com/safjnest/spring/controller/LolApiResponses$1.class
com/safjnest/sql/AbstractDB$1.class
com/safjnest/lol/model/statistics/ProfileActivity$HeatmapCell.class
com/safjnest/lol/model/status/JvmMetrics.class
com/safjnest/utils/twitch/TwitchEventsHandler$1.class
com/safjnest/core/events/interfaces/BeebotListenerAdapter.class
com/safjnest/nosql/MongoMigration$MigrationReport.class
com/safjnest/lol/message/LeagueMessageParameter.class
com/safjnest/lol/utils/GameQueueTypeUtils$1.class
com/safjnest/lol/model/summoner/SummonerLeaderboard.class
com/safjnest/lol/model/ChampionIndexable.class
com/safjnest/commands/misc/twitch/TwitchMessage.class
org/voicerss/tts/Audio/AudioFormat$Format_ulaw.class
com/safjnest/lol/model/status/RunStatus.class
com/safjnest/commands/misc/Weather.class
com/safjnest/commands/settings/Voice.class
com/safjnest/lol/model/PlayerChampionStats.class
com/safjnest/lol/model/ChampionTierList.class
org/voicerss/tts/Audio/AudioFormat$Format_alaw.class
com/safjnest/lol/service/MatchService.class
org/voicerss/tts/Voice/Voices$French_Canada.class
com/safjnest/lol/service/ChampionBuildEngine.class
com/safjnest/core/audio/QueueHandler.class
org/voicerss/tts/Voice/Voices$English_Canada.class
com/safjnest/lol/utils/MatchUtils.class
com/safjnest/lol/service/ProfileAnalyzer$ProfileRefresh.class
com/safjnest/lol/service/ChampionBuildEngine$RuneOptionAccumulator.class
org/voicerss/tts/Voice/Voices$Spanish_Spain.class
com/safjnest/lol/queue/scheduler/RiotScheduler.class
com/safjnest/core/audio/SoundAnalytics.class
com/safjnest/commands/owner/Jelly.class
org/voicerss/tts/Voice/Voices$Malay.class
org/voicerss/tts/Voice/Voices$Greek.class
com/safjnest/commands/queue/Pause.class
com/safjnest/lol/model/status/MongoOperationRates.class
org/voicerss/tts/Voice/Voices$English_Australia.class
com/safjnest/lol/message/LeagueEventHandler.class
com/safjnest/lol/utils/LaneTypeUtils$1.class
com/safjnest/lol/model/statistics/ProfileActivity$Insight.class
com/safjnest/lol/service/ChampionAnalyzer.class
com/safjnest/sql/database/SpotifyDB.class
com/safjnest/lol/service/ChampionService$MatrixRefreshResult.class
com/safjnest/lol/message/LeagueMessageType.class
com/safjnest/lol/model/ApiResult$Status.class
com/safjnest/lol/model/status/JobProgress.class
org/voicerss/tts/Voice/Voices$Chinese_China.class
com/safjnest/lol/model/status/RedisMetrics.class
com/safjnest/core/audio/SoundAnalytics$UpdateBatchTask.class
com/safjnest/sql/database/WebsiteDB.class
com/safjnest/lol/service/ProfileAnalyzer$MatchupsAccumulator.class
com/safjnest/model/customemoji/CustomEmoji.class
com/safjnest/spring/config/LolApiConfig$FilterApiMixin.class
com/safjnest/lol/model/ChampionTierList$Statistics.class
com/safjnest/lol/service/MatchService$2.class
com/safjnest/commands/owner/VandalizeServer.class
com/safjnest/lol/service/RankService$2.class
com/safjnest/nosql/MongoServerStatusSnapshot.class
com/safjnest/lol/queue/Registry$Entry.class
com/safjnest/lol/model/ChampionTierList$Matchup.class
com/safjnest/commands/misc/omegle/OmegleDisconnect.class
com/safjnest/commands/misc/spotify/Spotify.class
com/safjnest/nosql/MongoDB.class
com/safjnest/lol/model/statistics/ProfileActivity$QueueActivity.class
com/safjnest/lol/LeagueHandler.class
com/safjnest/utils/CommandsLoader.class
com/safjnest/lol/model/match/LiveGame.class
org/voicerss/tts/Voice/Voices$Arabic_SaudiArabia.class
com/safjnest/spring/dto/LolApiError.class
com/safjnest/lol/utils/TierDivisionUtils$1.class
com/safjnest/lol/model/summoner/Rank.class
com/safjnest/lol/champion/ChampionBuildProvider.class
org/voicerss/tts/Voice/Voices$Polish.class
com/safjnest/lol/service/SummonerService$1.class
com/safjnest/lol/champion/ChampionStatsData$SynergyKey.class
com/safjnest/core/events/Functions$2.class
org/voicerss/tts/Voice/Voices$Turkish.class
com/safjnest/lol/tracker/TrackerScheduler.class
com/safjnest/utils/log/BotLogger.class
com/safjnest/model/AliasData.class
org/voicerss/tts/Voice/Voices$Italian.class
com/safjnest/lol/model/statistics/ProfileActivity$Accumulator.class
com/safjnest/redis/RedisMemoryParser.class
com/safjnest/commands/misc/InviteBot.class
com/safjnest/lol/model/summoner/SummonerOverview$Champion.class
com/safjnest/commands/queue/Resume.class
org/voicerss/tts/Voice/Voices$Vietnamese.class
org/voicerss/tts/Voice/Voices$Dutch_Netherlands.class
com/safjnest/lol/service/ChampionBuildEngine$BuildAccumulator.class
org/voicerss/tts/Voice/Voices$English_Ireland.class
org/voicerss/tts/Voice/Voices$Dutch_Belgium.class
com/safjnest/lol/model/Filter.class
com/safjnest/utils/Accumulator.class
com/safjnest/utils/HttpUtils.class
com/safjnest/lol/model/status/LeagueMetrics.class
com/safjnest/status/LeagueMetricsStore.class
com/safjnest/nosql/MongoMigration$RankProgressCheckpoint.class
com/safjnest/lol/model/ChampionTierSource$Matchup.class
com/safjnest/core/events/EventAutoCompleteInteractionHandler.class
com/safjnest/lol/champion/ChampionStatsData$Game.class
com/safjnest/lol/service/ChampionTierAnalyzer$MatchupAnalysis.class
com/safjnest/commands/settings/Reward.class
org/voicerss/tts/Audio/AudioFormat$Format_48KHZ.class
com/safjnest/commands/queue/Player.class
com/safjnest/commands/misc/spotify/SpotifyTracks.class
com/safjnest/lol/service/MasteryService$2.class
com/safjnest/model/guild/BlacklistData.class
com/safjnest/sql/database/SpotifyDB$1.class
com/safjnest/lol/model/statistics/ProfileStatisticsRow.class
org/voicerss/tts/Speech/SpeechDataEvent.class
com/safjnest/commands/owner/Ram.class
org/voicerss/tts/Audio/AudioCodec.class
com/safjnest/lol/model/Build$CoreBuildOption.class
com/safjnest/spring/controller/LolApiResponses.class
com/safjnest/lol/service/SummonerService$SummonerAutocompleteChoice.class
com/safjnest/lol/utils/LeagueMessageUtils.class
org/voicerss/tts/Languages.class
com/safjnest/lol/service/ChampionTierAnalyzer$SourceChampion.class
org/voicerss/tts/Speech/SpeechErrorEvent.class
com/safjnest/redis/RedisClient.class
org/voicerss/tts/Voice/Voices$Croatian.class
com/safjnest/lol/service/ChampionBuildEngine$SkillOrderCandidate.class
org/voicerss/tts/Voice/VoiceParameters.class
com/safjnest/lol/model/status/BotStatus.class
com/safjnest/commands/settings/Boost.class
com/safjnest/lol/model/status/SystemMetrics$Disk.class
com/safjnest/commands/misc/twitch/TwitchMessage$1.class
com/safjnest/lol/model/ApiResult.class
org/voicerss/tts/Audio/AudioFormat$Format_22KHZ.class
com/safjnest/commands/misc/Ping.class
org/voicerss/tts/Voice/Voices$Chinese_Taiwan.class
com/safjnest/core/audio/QueueHandler$1.class
com/safjnest/lol/tracker/Tracker.class
com/safjnest/lol/model/status/SystemMetrics$Network.class
com/safjnest/utils/TableHandler.class
com/safjnest/lol/champion/ChampionBuildData.class
com/safjnest/lol/model/ChampionStatistics$DamageProfile.class
com/safjnest/lol/queue/worker/JobQueue.class
com/safjnest/core/chat/OmegleChannel.class
com/safjnest/lol/model/statistics/ProfileMatchups.class
com/safjnest/core/audio/types/PlayTiming.class
com/safjnest/lol/service/LeaderboardService.class
com/safjnest/core/events/EventHandler$1.class
com/safjnest/nosql/MongoDB$RankProgressSubject.class
com/safjnest/spring/controller/ChampionController.class
org/voicerss/tts/Audio/AudioFormat$Format_8KHZ.class
com/safjnest/nosql/AbstractEntity$PendingChanges.class
com/safjnest/model/guild/alert/AlertKey.class
com/safjnest/spring/config/LolApiConfig.class
com/safjnest/nosql/MongoDB$IndexDefinition.class
com/safjnest/utils/log/LoggerIDpair$IDType.class
com/safjnest/model/util/ColorDeserializer.class
com/safjnest/nosql/NoSqlEntityExecutor.class
com/safjnest/utils/spotify/SpotifyException.class
com/safjnest/lol/service/ProfileAnalyzer$ProfileRefreshAccumulator.class
com/safjnest/lol/champion/ChampionStatsData$RawParticipant.class
org/voicerss/tts/Voice/Voices$Russian.class
com/safjnest/lol/model/match/LiveGame$ProfileOverview.class
com/safjnest/lol/model/status/MongoSlowOperation.class
com/safjnest/lol/model/ChampionStatistics$LaneStat.class
com/safjnest/lol/service/SummonerService.class
com/safjnest/lol/service/MatchDiscoveryService.class
com/safjnest/lol/service/ChampionAnalyzer$EventCounter.class
org/voicerss/tts/Audio/AudioFormat$Format_44KHZ.class
com/safjnest/lol/model/ChampionTierSource.class
com/safjnest/lol/service/ChampionTierAnalyzer$RoleBucket.class
com/safjnest/lol/queue/worker/JobWorker.class
com/safjnest/lol/service/ChampionBuildEngine$SkillOrderNode.class
com/safjnest/lol/model/statistics/ProfileMatchups$Matchup.class
com/safjnest/commands/queue/Skip.class
com/safjnest/lol/utils/AugmentUtils.class
com/safjnest/lol/utils/RankProgressUtils.class
com/safjnest/lol/model/ResponseMetadata$Pagination.class
com/safjnest/commands/owner/Query.class
com/safjnest/utils/spotify/type/SpotifyTimeRange.class
com/safjnest/utils/SettingsLoader.class
com/safjnest/lol/queue/Router.class
com/safjnest/core/cache/AbstractCache$1.class
com/safjnest/lol/service/ChampionTierAnalyzer$Metric.class
com/safjnest/utils/spotify/SpotifyHandler$1.class
com/safjnest/lol/model/status/MongoPerformanceMetrics.class
com/safjnest/core/cache/managers/GuildCache.class
com/safjnest/status/SystemMetricsSampler.class
org/voicerss/tts/Voice/Voices$Finnish.class
com/safjnest/lol/champion/ChampionStatsData$RawMatchRead.class
org/voicerss/tts/Voice/Voices$Thai.class
org/voicerss/tts/Voice/Voices$Portuguese_Brazil.class
com/safjnest/lol/service/MasteryService$1.class
com/safjnest/lol/model/statistics/ProfileActivity$DayActivity.class
com/safjnest/core/cache/AbstractCache.class
com/safjnest/lol/message/LeagueMessage$1.class
com/safjnest/lol/utils/SeasonUtils.class
com/safjnest/core/events/EventHandler.class
com/safjnest/lol/model/ChampionStatistics$Matchup.class
org/voicerss/tts/Voice/Voices.class
com/safjnest/spring/config/LolApiConfig$FilterApiVisibilityMixin.class
org/voicerss/tts/Audio/AudioFormat$Format_16KHZ.class
com/safjnest/lol/service/ProfileAnalyzer.class
com/safjnest/lol/service/RankService.class
com/safjnest/utils/spotify/SpotifyException$ErrorType.class
com/safjnest/commands/owner/PrintCache.class
com/safjnest/model/guild/alert/RewardData.class
com/safjnest/lol/queue/Registry.class
com/safjnest/core/events/Functions.class
com/safjnest/status/LeagueMetricsStore$1.class
com/safjnest/lol/model/status/MongoMetrics.class
com/safjnest/lol/model/statistics/ProfileActivity.class
com/safjnest/lol/service/ProfileService$1.class
com/safjnest/nosql/NoSqlEntityExecutor$EntityWriter.class
com/safjnest/commands/owner/ChampionStats.class
org/voicerss/tts/Voice/Voices$Indonesian.class
com/safjnest/model/spotify/SpotifyTrackStreaming.class
org/voicerss/tts/Voice/Voices$German_Austria.class
com/safjnest/lol/queue/job/JobState.class
com/safjnest/utils/spotify/SpotifyTokenManager$1.class
com/safjnest/lol/message/LeagueEventHandler$1.class
com/safjnest/status/StatusRates.class
com/safjnest/lol/utils/PatchUtils.class
com/safjnest/utils/SafJNest.class
com/safjnest/core/events/EventButtonHandler$ButtonData.class
com/safjnest/lol/service/ChampionTierAnalyzer$Metric$2.class
com/safjnest/spring/controller/ProfileIndexableController.class
com/safjnest/lol/champion/ChampionStatsData$Snapshot.class
com/safjnest/lol/tracker/Tracker$1.class
com/safjnest/nosql/MongoDB$ProfileProjection.class
org/voicerss/tts/Voice/Voices$Swedish.class
com/safjnest/spring/controller/StatusController.class
com/safjnest/lol/model/ChampionStatistics$PowerCurvePoint.class
com/safjnest/commands/owner/TrackerStatus.class
com/safjnest/lol/model/summoner/SummonerOverview.class
org/voicerss/tts/Voice/Voices$Bulgarian.class
com/safjnest/lol/model/ChampionStatistics$MatchupKey.class
com/safjnest/lol/champion/ChampionStatsData$Player.class
com/safjnest/lol/model/ChampionTierList$Role.class
com/safjnest/lol/queue/scheduler/SyncScheduler.class
com/safjnest/model/guild/GuildData$1.class
com/safjnest/commands/misc/omegle/OmegleConnect.class
com/safjnest/lol/model/ChampionView.class
com/safjnest/utils/spotify/SpotifyMessage.class
com/safjnest/commands/misc/twitch/TwitchLink.class
com/safjnest/lol/model/status/MongoMemoryMetrics.class
org/voicerss/tts/Voice/Voices$Japanese.class
com/safjnest/model/guild/ChannelData.class
com/safjnest/lol/service/MasteryService.class
com/safjnest/lol/service/MatchService$3.class
com/safjnest/model/guild/alert/AlertType.class
com/safjnest/core/audio/TrackData.class
com/safjnest/nosql/MongoCommandMonitor$CommandStats.class
com/safjnest/lol/message/LeagueMessage.class
com/safjnest/lol/model/ChampionView$Champion.class
com/safjnest/lol/model/match/MatchOrder.class
com/safjnest/lol/champion/ChampionStatsData$MetricValues.class
com/safjnest/lol/utils/GameQueueTypeUtils.class
com/safjnest/commands/misc/QRCode.class
com/safjnest/commands/owner/Test.class
com/safjnest/lol/model/status/JobStatus.class
com/safjnest/lol/service/MatchService$1.class
com/safjnest/commands/queue/PlayYoutubeForce.class
com/safjnest/model/customemoji/CustomEmojiHandler.class
org/voicerss/tts/Voice/Voices$German_Germany.class
com/safjnest/lol/model/statistics/ProfileActivity$TimeWindow.class
com/safjnest/lol/model/ChampionTierList$Champion.class
com/safjnest/nosql/MongoCommandMonitor$RecordedOperation.class
com/safjnest/lol/service/ChampionTierAnalyzer$Metric$1.class
com/safjnest/spring/controller/LolApiParameters.class
com/safjnest/utils/log/LoggerIDpair.class
com/safjnest/commands/settings/Leave.class
com/safjnest/core/audio/SoundEmbed.class
com/safjnest/lol/model/statistics/ProfileActivity$Summary.class
com/safjnest/lol/model/leaderboard/LeaderboardDistribution$Entry.class
com/safjnest/core/audio/tts/TTSVoices.class
com/safjnest/status/MongoMetricsSampler.class
com/safjnest/core/audio/ResultHandler$1.class
com/safjnest/utils/spotify/type/SpotifyMessageType.class
com/safjnest/utils/spotify/SpotifyHandler.class
com/safjnest/core/audio/tts/TTSHandler.class
com/safjnest/lol/queue/scheduler/ComputeScheduler$1.class
com/safjnest/lol/utils/LeagueShardUtils$1.class
com/safjnest/model/UserData.class
com/safjnest/sql/QueryRecordParser.class
com/safjnest/lol/champion/ChampionStatsData$MatchMeta.class
com/safjnest/lol/model/leaderboard/LeaderboardPage.class
com/safjnest/lol/model/ChampionStatistics.class
com/safjnest/nosql/MongoDB$ChampionRawMatch.class
com/safjnest/lol/queue/worker/WorkerState.class
com/safjnest/nosql/MongoMigration$Options.class
org/voicerss/tts/Voice/Voices$Romanian.class
com/safjnest/commands/owner/Chat.class
com/safjnest/lol/message/LeagueEventHandler$LeagueContext.class
com/safjnest/lol/utils/TierDivisionUtils.class
com/safjnest/nosql/MongoDB$LeaderboardQuery.class
com/safjnest/utils/AlertMessage$1.class
com/safjnest/sql/database/BotDB.class
com/safjnest/commands/misc/spotify/SpotifyUpload.class
