/Users/Lorenzo.Sanseverino/Documents/GitHub/Beebot/src/main/java/com/safjnest/core/audio/ByteArraySeekableInputStream.java
/Users/Lorenzo.Sanseverino/Documents/GitHub/Beebot/src/main/java/com/safjnest/model/customemoji/CustomEmojiHandler.java
/Users/Lorenzo.Sanseverino/Documents/GitHub/Beebot/src/main/java/com/safjnest/core/audio/types/EmbedType.java
/Users/Lorenzo.Sanseverino/Documents/GitHub/Beebot/src/main/java/com/safjnest/commands/audio/TTS.java
/Users/Lorenzo.Sanseverino/Documents/GitHub/Beebot/src/main/java/com/safjnest/lol/utils/AugmentUtils.java
/Users/Lorenzo.Sanseverino/Documents/GitHub/Beebot/src/main/java/com/safjnest/commands/misc/twitch/TwitchMenu.java
/Users/Lorenzo.Sanseverino/Documents/GitHub/Beebot/src/main/java/com/safjnest/commands/audio/sound/Sound.java
/Users/Lorenzo.Sanseverino/Documents/GitHub/Beebot/src/main/java/com/safjnest/lol/utils/ParticipantBuildCodec.java
/Users/Lorenzo.Sanseverino/Documents/GitHub/Beebot/src/main/java/com/safjnest/lol/queue/QueueHandler.java
/Users/Lorenzo.Sanseverino/Documents/GitHub/Beebot/src/main/java/com/safjnest/lol/model/status/MongoMemoryMetrics.java
/Users/Lorenzo.Sanseverino/Documents/GitHub/Beebot/src/main/java/com/safjnest/lol/queue/scheduler/ComputeScheduler.java
/Users/Lorenzo.Sanseverino/Documents/GitHub/Beebot/src/main/java/com/safjnest/lol/utils/RankProgressUtils.java
/Users/Lorenzo.Sanseverino/Documents/GitHub/Beebot/src/main/java/com/safjnest/commands/members/UnMute.java
/Users/Lorenzo.Sanseverino/Documents/GitHub/Beebot/src/main/java/com/safjnest/nosql/MongoCommandMonitor.java
/Users/Lorenzo.Sanseverino/Documents/GitHub/Beebot/src/main/java/com/safjnest/commands/audio/sound/SoundUpload.java
/Users/Lorenzo.Sanseverino/Documents/GitHub/Beebot/src/main/java/com/safjnest/lol/utils/SeasonUtils.java
/Users/Lorenzo.Sanseverino/Documents/GitHub/Beebot/src/main/java/com/safjnest/lol/model/match/RankProgress.java
/Users/Lorenzo.Sanseverino/Documents/GitHub/Beebot/src/main/java/com/safjnest/commands/misc/Help.java
/Users/Lorenzo.Sanseverino/Documents/GitHub/Beebot/src/main/java/com/safjnest/core/audio/SoundAnalytics.java
/Users/Lorenzo.Sanseverino/Documents/GitHub/Beebot/src/main/java/com/safjnest/commands/owner/TrackerStatus.java
/Users/Lorenzo.Sanseverino/Documents/GitHub/Beebot/src/main/java/com/safjnest/lol/model/status/RunStatus.java
/Users/Lorenzo.Sanseverino/Documents/GitHub/Beebot/src/main/java/com/safjnest/commands/misc/spotify/SpotifyUpload.java
/Users/Lorenzo.Sanseverino/Documents/GitHub/Beebot/src/main/java/com/safjnest/lol/queue/scheduler/AbstractScheduler.java
/Users/Lorenzo.Sanseverino/Documents/GitHub/Beebot/src/main/java/com/safjnest/lol/utils/LeagueShardUtils.java
/Users/Lorenzo.Sanseverino/Documents/GitHub/Beebot/src/main/java/com/safjnest/lol/model/statistics/ProfileMatchups.java
/Users/Lorenzo.Sanseverino/Documents/GitHub/Beebot/src/main/java/com/safjnest/utils/spotify/type/SpotifyTimeRange.java
/Users/Lorenzo.Sanseverino/Documents/GitHub/Beebot/src/main/java/com/safjnest/utils/log/BotLoggerColorConverter.java
/Users/Lorenzo.Sanseverino/Documents/GitHub/Beebot/src/main/java/com/safjnest/commands/misc/omegle/OmegleStop.java
/Users/Lorenzo.Sanseverino/Documents/GitHub/Beebot/src/main/java/com/safjnest/commands/audio/greet/Greet.java
/Users/Lorenzo.Sanseverino/Documents/GitHub/Beebot/src/main/java/com/safjnest/lol/model/status/MongoOperationsMetrics.java
/Users/Lorenzo.Sanseverino/Documents/GitHub/Beebot/src/main/java/com/safjnest/model/AliasData.java
/Users/Lorenzo.Sanseverino/Documents/GitHub/Beebot/src/main/java/com/safjnest/core/audio/SoundEmbed.java
/Users/Lorenzo.Sanseverino/Documents/GitHub/Beebot/src/main/java/com/safjnest/lol/queue/job/JobPriority.java
/Users/Lorenzo.Sanseverino/Documents/GitHub/Beebot/src/main/java/com/safjnest/commands/audio/playlist/PlaylistView.java
/Users/Lorenzo.Sanseverino/Documents/GitHub/Beebot/src/main/java/com/safjnest/lol/model/status/JobProgress.java
/Users/Lorenzo.Sanseverino/Documents/GitHub/Beebot/src/main/java/com/safjnest/sql/QueryRecord.java
/Users/Lorenzo.Sanseverino/Documents/GitHub/Beebot/src/main/java/com/safjnest/commands/audio/list/ListGuild.java
/Users/Lorenzo.Sanseverino/Documents/GitHub/Beebot/src/main/java/com/safjnest/spring/controller/LolApiParameters.java
/Users/Lorenzo.Sanseverino/Documents/GitHub/Beebot/src/main/java/com/safjnest/utils/AlertMessage.java
/Users/Lorenzo.Sanseverino/Documents/GitHub/Beebot/src/main/java/com/safjnest/commands/owner/Query.java
/Users/Lorenzo.Sanseverino/Documents/GitHub/Beebot/src/main/java/com/safjnest/core/events/EventModalInteractionHandler.java
/Users/Lorenzo.Sanseverino/Documents/GitHub/Beebot/src/main/java/com/safjnest/spring/controller/LolController.java
/Users/Lorenzo.Sanseverino/Documents/GitHub/Beebot/src/main/java/com/safjnest/lol/queue/worker/JobQueue.java
/Users/Lorenzo.Sanseverino/Documents/GitHub/Beebot/src/main/java/com/safjnest/lol/model/status/LeagueMetrics.java
/Users/Lorenzo.Sanseverino/Documents/GitHub/Beebot/src/main/java/com/safjnest/core/events/EventButtonHandler.java
/Users/Lorenzo.Sanseverino/Documents/GitHub/Beebot/src/main/java/com/safjnest/core/audio/SafjAudioPlaylist.java
/Users/Lorenzo.Sanseverino/Documents/GitHub/Beebot/src/main/java/org/voicerss/tts/Speech/SpeechDataEventListener.java
/Users/Lorenzo.Sanseverino/Documents/GitHub/Beebot/src/main/java/com/safjnest/model/spotify/SpotifyTrack.java
/Users/Lorenzo.Sanseverino/Documents/GitHub/Beebot/src/main/java/com/safjnest/model/guild/alert/TwitchData.java
/Users/Lorenzo.Sanseverino/Documents/GitHub/Beebot/src/main/java/com/safjnest/spring/controller/LolApiResponses.java
/Users/Lorenzo.Sanseverino/Documents/GitHub/Beebot/src/main/java/com/safjnest/lol/model/summoner/Rank.java
/Users/Lorenzo.Sanseverino/Documents/GitHub/Beebot/src/main/java/com/safjnest/core/events/EventUtils.java
/Users/Lorenzo.Sanseverino/Documents/GitHub/Beebot/src/main/java/com/safjnest/utils/CommandsLoader.java
/Users/Lorenzo.Sanseverino/Documents/GitHub/Beebot/src/main/java/com/safjnest/commands/members/Unban.java
/Users/Lorenzo.Sanseverino/Documents/GitHub/Beebot/src/main/java/org/voicerss/tts/Voice/VoiceProvider.java
/Users/Lorenzo.Sanseverino/Documents/GitHub/Beebot/src/main/java/org/voicerss/tts/Voice/VoiceParameters.java
/Users/Lorenzo.Sanseverino/Documents/GitHub/Beebot/src/main/java/com/safjnest/commands/members/Image.java
/Users/Lorenzo.Sanseverino/Documents/GitHub/Beebot/src/main/java/com/safjnest/commands/misc/omegle/OmegleDisconnect.java
/Users/Lorenzo.Sanseverino/Documents/GitHub/Beebot/src/main/java/com/safjnest/lol/model/summoner/SummonerLeaderboard.java
/Users/Lorenzo.Sanseverino/Documents/GitHub/Beebot/src/main/java/com/safjnest/commands/misc/omegle/Omegle.java
/Users/Lorenzo.Sanseverino/Documents/GitHub/Beebot/src/main/java/com/safjnest/lol/model/statistics/ProfileStatisticsRow.java
/Users/Lorenzo.Sanseverino/Documents/GitHub/Beebot/src/main/java/com/safjnest/lol/tracker/Tracker.java
/Users/Lorenzo.Sanseverino/Documents/GitHub/Beebot/src/main/java/com/safjnest/commands/audio/playlist/Playlist.java
/Users/Lorenzo.Sanseverino/Documents/GitHub/Beebot/src/main/java/com/safjnest/utils/ValidationUtils.java
/Users/Lorenzo.Sanseverino/Documents/GitHub/Beebot/src/main/java/com/safjnest/model/BotSettings/TwitchSettings.java
/Users/Lorenzo.Sanseverino/Documents/GitHub/Beebot/src/main/java/com/safjnest/core/audio/TrackScheduler.java
/Users/Lorenzo.Sanseverino/Documents/GitHub/Beebot/src/main/java/com/safjnest/nosql/MongoDB.java
/Users/Lorenzo.Sanseverino/Documents/GitHub/Beebot/src/main/java/com/safjnest/commands/audio/soundboard/SoundboardDelete.java
/Users/Lorenzo.Sanseverino/Documents/GitHub/Beebot/src/main/java/com/safjnest/core/cache/managers/UserCache.java
/Users/Lorenzo.Sanseverino/Documents/GitHub/Beebot/src/main/java/com/safjnest/commands/settings/Welcome.java
/Users/Lorenzo.Sanseverino/Documents/GitHub/Beebot/src/main/java/com/safjnest/sql/DatabaseHandler.java
/Users/Lorenzo.Sanseverino/Documents/GitHub/Beebot/src/main/java/com/safjnest/model/guild/alert/RewardData.java
/Users/Lorenzo.Sanseverino/Documents/GitHub/Beebot/src/main/java/com/safjnest/lol/message/LeagueMessageType.java
/Users/Lorenzo.Sanseverino/Documents/GitHub/Beebot/src/main/java/com/safjnest/model/UserData.java
/Users/Lorenzo.Sanseverino/Documents/GitHub/Beebot/src/main/java/com/safjnest/status/LeagueMetricsStore.java
/Users/Lorenzo.Sanseverino/Documents/GitHub/Beebot/src/main/java/com/safjnest/model/guild/ChannelData.java
/Users/Lorenzo.Sanseverino/Documents/GitHub/Beebot/src/main/java/com/safjnest/lol/model/status/RedisMetrics.java
/Users/Lorenzo.Sanseverino/Documents/GitHub/Beebot/src/main/java/com/safjnest/core/chat/OmegleChannel.java
/Users/Lorenzo.Sanseverino/Documents/GitHub/Beebot/src/main/java/com/safjnest/commands/audio/search/SearchSound.java
/Users/Lorenzo.Sanseverino/Documents/GitHub/Beebot/src/main/java/com/safjnest/lol/model/statistics/ProfileStatistics.java
/Users/Lorenzo.Sanseverino/Documents/GitHub/Beebot/src/main/java/com/safjnest/commands/audio/soundboard/Soundboard.java
/Users/Lorenzo.Sanseverino/Documents/GitHub/Beebot/src/main/java/com/safjnest/commands/queue/Queue.java
/Users/Lorenzo.Sanseverino/Documents/GitHub/Beebot/src/main/java/com/safjnest/commands/lol/Region.java
/Users/Lorenzo.Sanseverino/Documents/GitHub/Beebot/src/main/java/org/voicerss/tts/Audio/AudioCodec.java
/Users/Lorenzo.Sanseverino/Documents/GitHub/Beebot/src/main/java/com/safjnest/lol/queue/scheduler/ChampionMatrixRequest.java
/Users/Lorenzo.Sanseverino/Documents/GitHub/Beebot/src/main/java/com/safjnest/model/customemoji/CustomEmoji.java
/Users/Lorenzo.Sanseverino/Documents/GitHub/Beebot/src/main/java/com/safjnest/spring/controller/LolApiExceptionHandler.java
/Users/Lorenzo.Sanseverino/Documents/GitHub/Beebot/src/main/java/com/safjnest/lol/champion/RuneSignature.java
/Users/Lorenzo.Sanseverino/Documents/GitHub/Beebot/src/main/java/com/safjnest/utils/spotify/SpotifyTokenManager.java
/Users/Lorenzo.Sanseverino/Documents/GitHub/Beebot/src/main/java/com/safjnest/core/Bot.java
/Users/Lorenzo.Sanseverino/Documents/GitHub/Beebot/src/main/java/com/safjnest/commands/audio/sound/SoundDelete.java
/Users/Lorenzo.Sanseverino/Documents/GitHub/Beebot/src/main/java/com/safjnest/utils/spotify/SpotifyMessage.java
/Users/Lorenzo.Sanseverino/Documents/GitHub/Beebot/src/main/java/com/safjnest/core/cache/managers/GuildCache.java
/Users/Lorenzo.Sanseverino/Documents/GitHub/Beebot/src/main/java/com/safjnest/commands/settings/Reward.java
/Users/Lorenzo.Sanseverino/Documents/GitHub/Beebot/src/main/java/com/safjnest/commands/audio/soundboard/SoundboardCreate.java
/Users/Lorenzo.Sanseverino/Documents/GitHub/Beebot/src/main/java/com/safjnest/commands/members/Ban.java
/Users/Lorenzo.Sanseverino/Documents/GitHub/Beebot/src/main/java/com/safjnest/utils/spotify/SpotifyHandler.java
/Users/Lorenzo.Sanseverino/Documents/GitHub/Beebot/src/main/java/com/safjnest/nosql/NoSqlEntityExecutor.java
/Users/Lorenzo.Sanseverino/Documents/GitHub/Beebot/src/main/java/com/safjnest/commands/members/move/Move.java
/Users/Lorenzo.Sanseverino/Documents/GitHub/Beebot/src/main/java/com/safjnest/lol/model/ChampionTierList.java
/Users/Lorenzo.Sanseverino/Documents/GitHub/Beebot/src/main/java/com/safjnest/commands/misc/SpecialChar.java
/Users/Lorenzo.Sanseverino/Documents/GitHub/Beebot/src/main/java/com/safjnest/nosql/MongoMigration.java
/Users/Lorenzo.Sanseverino/Documents/GitHub/Beebot/src/main/java/com/safjnest/model/BotSettings/OpenAISettings.java
/Users/Lorenzo.Sanseverino/Documents/GitHub/Beebot/src/main/java/com/safjnest/commands/misc/twitch/TwitchLink.java
/Users/Lorenzo.Sanseverino/Documents/GitHub/Beebot/src/main/java/com/safjnest/lol/queue/job/JobState.java
/Users/Lorenzo.Sanseverino/Documents/GitHub/Beebot/src/main/java/com/safjnest/commands/members/move/MoveChannel.java
/Users/Lorenzo.Sanseverino/Documents/GitHub/Beebot/src/main/java/com/safjnest/commands/settings/Boost.java
/Users/Lorenzo.Sanseverino/Documents/GitHub/Beebot/src/main/java/com/safjnest/lol/model/match/Participant.java
/Users/Lorenzo.Sanseverino/Documents/GitHub/Beebot/src/main/java/com/safjnest/commands/queue/JumpTo.java
/Users/Lorenzo.Sanseverino/Documents/GitHub/Beebot/src/main/java/com/safjnest/utils/JsonCodec.java
/Users/Lorenzo.Sanseverino/Documents/GitHub/Beebot/src/main/java/com/safjnest/commands/owner/RandomMove.java
/Users/Lorenzo.Sanseverino/Documents/GitHub/Beebot/src/main/java/com/safjnest/lol/model/status/BotStatus.java
/Users/Lorenzo.Sanseverino/Documents/GitHub/Beebot/src/main/java/com/safjnest/commands/owner/PrintCache.java
/Users/Lorenzo.Sanseverino/Documents/GitHub/Beebot/src/main/java/com/safjnest/lol/service/MatchService.java
/Users/Lorenzo.Sanseverino/Documents/GitHub/Beebot/src/main/java/com/safjnest/sql/AbstractDB.java
/Users/Lorenzo.Sanseverino/Documents/GitHub/Beebot/src/main/java/com/safjnest/lol/model/Build.java
/Users/Lorenzo.Sanseverino/Documents/GitHub/Beebot/src/main/java/com/safjnest/redis/RedisKey.java
/Users/Lorenzo.Sanseverino/Documents/GitHub/Beebot/src/main/java/com/safjnest/lol/service/LeaderboardService.java
/Users/Lorenzo.Sanseverino/Documents/GitHub/Beebot/src/main/java/com/safjnest/lol/model/ChampionIndexable.java
/Users/Lorenzo.Sanseverino/Documents/GitHub/Beebot/src/main/java/com/safjnest/commands/audio/play/Play.java
/Users/Lorenzo.Sanseverino/Documents/GitHub/Beebot/src/main/java/com/safjnest/utils/log/BotLogger.java
/Users/Lorenzo.Sanseverino/Documents/GitHub/Beebot/src/main/java/com/safjnest/lol/LeagueHandler.java
/Users/Lorenzo.Sanseverino/Documents/GitHub/Beebot/src/main/java/com/safjnest/core/Chronos.java
/Users/Lorenzo.Sanseverino/Documents/GitHub/Beebot/src/main/java/com/safjnest/model/guild/alert/AlertKey.java
/Users/Lorenzo.Sanseverino/Documents/GitHub/Beebot/src/main/java/com/safjnest/model/sound/Tag.java
/Users/Lorenzo.Sanseverino/Documents/GitHub/Beebot/src/main/java/com/safjnest/core/events/Functions.java
/Users/Lorenzo.Sanseverino/Documents/GitHub/Beebot/src/main/java/com/safjnest/commands/misc/spotify/SpotifyArtists.java
/Users/Lorenzo.Sanseverino/Documents/GitHub/Beebot/src/main/java/com/safjnest/commands/queue/PlayYoutubeForce.java
/Users/Lorenzo.Sanseverino/Documents/GitHub/Beebot/src/main/java/com/safjnest/lol/model/statistics/Stats.java
/Users/Lorenzo.Sanseverino/Documents/GitHub/Beebot/src/main/java/com/safjnest/lol/champion/BuildSignature.java
/Users/Lorenzo.Sanseverino/Documents/GitHub/Beebot/src/main/java/com/safjnest/model/BotSettings/LavalinkSettings.java
/Users/Lorenzo.Sanseverino/Documents/GitHub/Beebot/src/main/java/com/safjnest/lol/champion/ChampionStatsData.java
/Users/Lorenzo.Sanseverino/Documents/GitHub/Beebot/src/main/java/com/safjnest/lol/model/match/Match.java
/Users/Lorenzo.Sanseverino/Documents/GitHub/Beebot/src/main/java/com/safjnest/commands/audio/playlist/PlaylistRemoveSong.java
/Users/Lorenzo.Sanseverino/Documents/GitHub/Beebot/src/main/java/com/safjnest/commands/math/Prime.java
/Users/Lorenzo.Sanseverino/Documents/GitHub/Beebot/src/main/java/com/safjnest/commands/queue/Player.java
/Users/Lorenzo.Sanseverino/Documents/GitHub/Beebot/src/main/java/com/safjnest/commands/guild/Clear.java
/Users/Lorenzo.Sanseverino/Documents/GitHub/Beebot/src/main/java/com/safjnest/lol/model/status/QueueStatus.java
/Users/Lorenzo.Sanseverino/Documents/GitHub/Beebot/src/main/java/com/safjnest/core/cache/managers/SoundCache.java
/Users/Lorenzo.Sanseverino/Documents/GitHub/Beebot/src/main/java/com/safjnest/commands/audio/playlist/PlaylistDelete.java
/Users/Lorenzo.Sanseverino/Documents/GitHub/Beebot/src/main/java/com/safjnest/commands/math/Calculator.java
/Users/Lorenzo.Sanseverino/Documents/GitHub/Beebot/src/main/java/com/safjnest/model/guild/AutomatedAction.java
/Users/Lorenzo.Sanseverino/Documents/GitHub/Beebot/src/main/java/com/safjnest/model/guild/alert/AlertData.java
/Users/Lorenzo.Sanseverino/Documents/GitHub/Beebot/src/main/java/com/safjnest/commands/misc/twitch/TwitchMessage.java
/Users/Lorenzo.Sanseverino/Documents/GitHub/Beebot/src/main/java/com/safjnest/commands/lol/UltimateBravery.java
/Users/Lorenzo.Sanseverino/Documents/GitHub/Beebot/src/main/java/com/safjnest/lol/model/summoner/SummonerOverview.java
/Users/Lorenzo.Sanseverino/Documents/GitHub/Beebot/src/main/java/com/safjnest/lol/utils/ItemUtils.java
/Users/Lorenzo.Sanseverino/Documents/GitHub/Beebot/src/main/java/com/safjnest/lol/model/ResponseMetadata.java
/Users/Lorenzo.Sanseverino/Documents/GitHub/Beebot/src/main/java/com/safjnest/commands/audio/soundboard/SoundboardPlay.java
/Users/Lorenzo.Sanseverino/Documents/GitHub/Beebot/src/main/java/com/safjnest/core/cache/CacheAdapter.java
/Users/Lorenzo.Sanseverino/Documents/GitHub/Beebot/src/main/java/com/safjnest/commands/owner/Test.java
/Users/Lorenzo.Sanseverino/Documents/GitHub/Beebot/src/main/java/com/safjnest/commands/misc/QRCode.java
/Users/Lorenzo.Sanseverino/Documents/GitHub/Beebot/src/main/java/com/safjnest/commands/audio/playlist/PlaylistAddSong.java
/Users/Lorenzo.Sanseverino/Documents/GitHub/Beebot/src/main/java/com/safjnest/commands/misc/spotify/SpotifyLink.java
/Users/Lorenzo.Sanseverino/Documents/GitHub/Beebot/src/main/java/com/safjnest/commands/queue/Skip.java
/Users/Lorenzo.Sanseverino/Documents/GitHub/Beebot/src/main/java/com/safjnest/model/spotify/SpotifyAlbum.java
/Users/Lorenzo.Sanseverino/Documents/GitHub/Beebot/src/main/java/com/safjnest/lol/champion/ChampionStatsProvider.java
/Users/Lorenzo.Sanseverino/Documents/GitHub/Beebot/src/main/java/com/safjnest/core/audio/TrackData.java
/Users/Lorenzo.Sanseverino/Documents/GitHub/Beebot/src/main/java/com/safjnest/model/BotSettings/DatabaseSettings.java
/Users/Lorenzo.Sanseverino/Documents/GitHub/Beebot/src/main/java/com/safjnest/commands/members/Mute.java
/Users/Lorenzo.Sanseverino/Documents/GitHub/Beebot/src/main/java/com/safjnest/model/BotSettings/SpotifyApiSettings.java
/Users/Lorenzo.Sanseverino/Documents/GitHub/Beebot/src/main/java/com/safjnest/core/audio/QueueMessage.java
/Users/Lorenzo.Sanseverino/Documents/GitHub/Beebot/src/main/java/com/safjnest/spring/controller/StatusController.java
/Users/Lorenzo.Sanseverino/Documents/GitHub/Beebot/src/main/java/com/safjnest/status/MongoMetricsSampler.java
/Users/Lorenzo.Sanseverino/Documents/GitHub/Beebot/src/main/java/com/safjnest/lol/service/ChampionAnalyzer.java
/Users/Lorenzo.Sanseverino/Documents/GitHub/Beebot/src/main/java/com/safjnest/core/events/EventAutoCompleteInteractionHandler.java
/Users/Lorenzo.Sanseverino/Documents/GitHub/Beebot/src/main/java/com/safjnest/commands/guild/EmojiInfo.java
/Users/Lorenzo.Sanseverino/Documents/GitHub/Beebot/src/main/java/org/voicerss/tts/Speech/SpeechErrorEventListener.java
/Users/Lorenzo.Sanseverino/Documents/GitHub/Beebot/src/main/java/com/safjnest/commands/lol/Livegame.java
/Users/Lorenzo.Sanseverino/Documents/GitHub/Beebot/src/main/java/org/voicerss/tts/Speech/SpeechDataEvent.java
/Users/Lorenzo.Sanseverino/Documents/GitHub/Beebot/src/main/java/com/safjnest/status/StatusRates.java
/Users/Lorenzo.Sanseverino/Documents/GitHub/Beebot/src/main/java/com/safjnest/lol/model/summoner/Mastery.java
/Users/Lorenzo.Sanseverino/Documents/GitHub/Beebot/src/main/java/com/safjnest/model/BotSettings/PoTokenSettings.java
/Users/Lorenzo.Sanseverino/Documents/GitHub/Beebot/src/main/java/com/safjnest/utils/Accumulator.java
/Users/Lorenzo.Sanseverino/Documents/GitHub/Beebot/src/main/java/com/safjnest/sql/database/BotDB.java
/Users/Lorenzo.Sanseverino/Documents/GitHub/Beebot/src/main/java/com/safjnest/core/audio/types/PlayTiming.java
/Users/Lorenzo.Sanseverino/Documents/GitHub/Beebot/src/main/java/com/safjnest/commands/misc/twitch/Twitch.java
/Users/Lorenzo.Sanseverino/Documents/GitHub/Beebot/src/main/java/com/safjnest/lol/queue/job/Job.java
/Users/Lorenzo.Sanseverino/Documents/GitHub/Beebot/src/main/java/com/safjnest/lol/utils/LeagueMessageUtils.java
/Users/Lorenzo.Sanseverino/Documents/GitHub/Beebot/src/main/java/com/safjnest/commands/lol/summoner/SummonerLink.java
/Users/Lorenzo.Sanseverino/Documents/GitHub/Beebot/src/main/java/com/safjnest/lol/model/status/MongoMetrics.java
/Users/Lorenzo.Sanseverino/Documents/GitHub/Beebot/src/main/java/com/safjnest/commands/guild/ChannelInfo.java
/Users/Lorenzo.Sanseverino/Documents/GitHub/Beebot/src/main/java/com/safjnest/lol/utils/TierDivisionUtils.java
/Users/Lorenzo.Sanseverino/Documents/GitHub/Beebot/src/main/java/com/safjnest/core/audio/AudioForwarder.java
/Users/Lorenzo.Sanseverino/Documents/GitHub/Beebot/src/main/java/com/safjnest/commands/members/Nickname.java
/Users/Lorenzo.Sanseverino/Documents/GitHub/Beebot/src/main/java/com/safjnest/lol/utils/MatchUtils.java
/Users/Lorenzo.Sanseverino/Documents/GitHub/Beebot/src/main/java/com/safjnest/lol/model/ChampionView.java
/Users/Lorenzo.Sanseverino/Documents/GitHub/Beebot/src/main/java/com/safjnest/utils/TimeConstant.java
/Users/Lorenzo.Sanseverino/Documents/GitHub/Beebot/src/main/java/com/safjnest/commands/members/Kick.java
/Users/Lorenzo.Sanseverino/Documents/GitHub/Beebot/src/main/java/com/safjnest/utils/twitch/TwitchEventsHandler.java
/Users/Lorenzo.Sanseverino/Documents/GitHub/Beebot/src/main/java/com/safjnest/lol/model/leaderboard/LeaderboardDistribution.java
/Users/Lorenzo.Sanseverino/Documents/GitHub/Beebot/src/main/java/com/safjnest/commands/misc/Weather.java
/Users/Lorenzo.Sanseverino/Documents/GitHub/Beebot/src/main/java/com/safjnest/commands/audio/sound/SoundDownload.java
/Users/Lorenzo.Sanseverino/Documents/GitHub/Beebot/src/main/java/com/safjnest/commands/misc/Bug.java
/Users/Lorenzo.Sanseverino/Documents/GitHub/Beebot/src/main/java/com/safjnest/commands/audio/playlist/PlaylistAddQueue.java
/Users/Lorenzo.Sanseverino/Documents/GitHub/Beebot/src/main/java/com/safjnest/model/BotSettings/JsonSettings.java
/Users/Lorenzo.Sanseverino/Documents/GitHub/Beebot/src/main/java/com/safjnest/commands/audio/playlist/PlaylistList.java
/Users/Lorenzo.Sanseverino/Documents/GitHub/Beebot/src/main/java/com/safjnest/lol/model/status/MongoHottestCollection.java
/Users/Lorenzo.Sanseverino/Documents/GitHub/Beebot/src/main/java/com/safjnest/commands/audio/soundboard/SoundboardRemove.java
/Users/Lorenzo.Sanseverino/Documents/GitHub/Beebot/src/main/java/com/safjnest/lol/utils/PatchUtils.java
/Users/Lorenzo.Sanseverino/Documents/GitHub/Beebot/src/main/java/com/safjnest/lol/message/LeagueEventHandler.java
/Users/Lorenzo.Sanseverino/Documents/GitHub/Beebot/src/main/java/com/safjnest/lol/tracker/TrackerScheduler.java
/Users/Lorenzo.Sanseverino/Documents/GitHub/Beebot/src/main/java/com/safjnest/commands/lol/summoner/SummonerTrack.java
/Users/Lorenzo.Sanseverino/Documents/GitHub/Beebot/src/main/java/com/safjnest/lol/service/ChampionBuildEngine.java
/Users/Lorenzo.Sanseverino/Documents/GitHub/Beebot/src/main/java/com/safjnest/lol/service/ChampionTierAnalyzer.java
/Users/Lorenzo.Sanseverino/Documents/GitHub/Beebot/src/main/java/com/safjnest/core/audio/GuildMusicManager.java
/Users/Lorenzo.Sanseverino/Documents/GitHub/Beebot/src/main/java/com/safjnest/commands/math/Dice.java
/Users/Lorenzo.Sanseverino/Documents/GitHub/Beebot/src/main/java/com/safjnest/lol/model/match/MatchOrder.java
/Users/Lorenzo.Sanseverino/Documents/GitHub/Beebot/src/main/java/com/safjnest/commands/audio/play/PlaySound.java
/Users/Lorenzo.Sanseverino/Documents/GitHub/Beebot/src/main/java/com/safjnest/lol/model/ChampionTierSource.java
/Users/Lorenzo.Sanseverino/Documents/GitHub/Beebot/src/main/java/com/safjnest/commands/owner/ListGuild.java
/Users/Lorenzo.Sanseverino/Documents/GitHub/Beebot/src/main/java/com/safjnest/lol/model/status/MongoSlowOperation.java
/Users/Lorenzo.Sanseverino/Documents/GitHub/Beebot/src/main/java/com/safjnest/model/BotSettings/RiotSettings.java
/Users/Lorenzo.Sanseverino/Documents/GitHub/Beebot/src/main/java/com/safjnest/lol/model/PlayerChampionStats.java
/Users/Lorenzo.Sanseverino/Documents/GitHub/Beebot/src/main/java/com/safjnest/commands/audio/soundboard/SoundboardThumbnail.java
/Users/Lorenzo.Sanseverino/Documents/GitHub/Beebot/src/main/java/com/safjnest/commands/members/move/MoveUser.java
/Users/Lorenzo.Sanseverino/Documents/GitHub/Beebot/src/main/java/com/safjnest/spring/dto/LolApiError.java
/Users/Lorenzo.Sanseverino/Documents/GitHub/Beebot/src/main/java/com/safjnest/commands/lol/Opgg.java
/Users/Lorenzo.Sanseverino/Documents/GitHub/Beebot/src/main/java/com/safjnest/lol/model/rune/Rune.java
/Users/Lorenzo.Sanseverino/Documents/GitHub/Beebot/src/main/java/com/safjnest/lol/model/rune/PageRunes.java
/Users/Lorenzo.Sanseverino/Documents/GitHub/Beebot/src/main/java/com/safjnest/lol/queue/worker/WorkerState.java
/Users/Lorenzo.Sanseverino/Documents/GitHub/Beebot/src/main/java/com/safjnest/status/SampledMetrics.java
/Users/Lorenzo.Sanseverino/Documents/GitHub/Beebot/src/main/java/com/safjnest/commands/guild/MemberInfo.java
/Users/Lorenzo.Sanseverino/Documents/GitHub/Beebot/src/main/java/com/safjnest/commands/audio/greet/GreetUnset.java
/Users/Lorenzo.Sanseverino/Documents/GitHub/Beebot/src/main/java/com/safjnest/sql/database/WebsiteDB.java
/Users/Lorenzo.Sanseverino/Documents/GitHub/Beebot/src/main/java/com/safjnest/commands/misc/spotify/SpotifyAlbums.java
/Users/Lorenzo.Sanseverino/Documents/GitHub/Beebot/src/main/java/com/safjnest/lol/utils/BuildUtils.java
/Users/Lorenzo.Sanseverino/Documents/GitHub/Beebot/src/main/java/com/safjnest/model/BotSettings/BotSettings.java
/Users/Lorenzo.Sanseverino/Documents/GitHub/Beebot/src/main/java/com/safjnest/lol/model/status/SchedulerStatus.java
/Users/Lorenzo.Sanseverino/Documents/GitHub/Beebot/src/main/java/com/safjnest/sql/database/SpotifyDB.java
/Users/Lorenzo.Sanseverino/Documents/GitHub/Beebot/src/main/java/com/safjnest/lol/model/leaderboard/LeaderboardPage.java
/Users/Lorenzo.Sanseverino/Documents/GitHub/Beebot/src/main/java/com/safjnest/commands/audio/Disconnect.java
/Users/Lorenzo.Sanseverino/Documents/GitHub/Beebot/src/main/java/com/safjnest/lol/model/Augment.java
/Users/Lorenzo.Sanseverino/Documents/GitHub/Beebot/src/main/java/com/safjnest/commands/owner/Restart.java
/Users/Lorenzo.Sanseverino/Documents/GitHub/Beebot/src/main/java/com/safjnest/core/audio/QueueHandler.java
/Users/Lorenzo.Sanseverino/Documents/GitHub/Beebot/src/main/java/com/safjnest/core/events/EventComponentsHandler.java
/Users/Lorenzo.Sanseverino/Documents/GitHub/Beebot/src/main/java/com/safjnest/core/audio/types/AudioType.java
/Users/Lorenzo.Sanseverino/Documents/GitHub/Beebot/src/main/java/com/safjnest/commands/audio/Stop.java
/Users/Lorenzo.Sanseverino/Documents/GitHub/Beebot/src/main/java/com/safjnest/App.java
/Users/Lorenzo.Sanseverino/Documents/GitHub/Beebot/src/main/java/com/safjnest/core/audio/tts/TTSVoices.java
/Users/Lorenzo.Sanseverino/Documents/GitHub/Beebot/src/main/java/com/safjnest/commands/audio/sound/SoundCustomize.java
/Users/Lorenzo.Sanseverino/Documents/GitHub/Beebot/src/main/java/com/safjnest/lol/model/statistics/ProfileActivity.java
/Users/Lorenzo.Sanseverino/Documents/GitHub/Beebot/src/main/java/com/safjnest/core/events/CommandEventHandler.java
/Users/Lorenzo.Sanseverino/Documents/GitHub/Beebot/src/main/java/com/safjnest/commands/misc/Msg.java
/Users/Lorenzo.Sanseverino/Documents/GitHub/Beebot/src/main/java/com/safjnest/core/cache/AbstractCache.java
/Users/Lorenzo.Sanseverino/Documents/GitHub/Beebot/src/main/java/com/safjnest/lol/service/ProfileAnalyzer.java
/Users/Lorenzo.Sanseverino/Documents/GitHub/Beebot/src/main/java/com/safjnest/lol/model/match/MatchResult.java
/Users/Lorenzo.Sanseverino/Documents/GitHub/Beebot/src/main/java/com/safjnest/model/guild/MemberData.java
/Users/Lorenzo.Sanseverino/Documents/GitHub/Beebot/src/main/java/com/safjnest/lol/model/status/WorkerStatus.java
/Users/Lorenzo.Sanseverino/Documents/GitHub/Beebot/src/main/java/com/safjnest/commands/audio/greet/GreetSet.java
/Users/Lorenzo.Sanseverino/Documents/GitHub/Beebot/src/main/java/com/safjnest/sql/QueryRecordParser.java
/Users/Lorenzo.Sanseverino/Documents/GitHub/Beebot/src/main/java/com/safjnest/commands/settings/Voice.java
/Users/Lorenzo.Sanseverino/Documents/GitHub/Beebot/src/main/java/com/safjnest/commands/audio/list/List.java
/Users/Lorenzo.Sanseverino/Documents/GitHub/Beebot/src/main/java/com/safjnest/core/audio/tts/TTSHandler.java
/Users/Lorenzo.Sanseverino/Documents/GitHub/Beebot/src/main/java/com/safjnest/commands/lol/summoner/SummonerUnlink.java
/Users/Lorenzo.Sanseverino/Documents/GitHub/Beebot/src/main/java/com/safjnest/commands/queue/Resume.java
/Users/Lorenzo.Sanseverino/Documents/GitHub/Beebot/src/main/java/com/safjnest/core/cache/managers/GenericCache.java
/Users/Lorenzo.Sanseverino/Documents/GitHub/Beebot/src/main/java/com/safjnest/commands/settings/AutomatedAction.java
/Users/Lorenzo.Sanseverino/Documents/GitHub/Beebot/src/main/java/com/safjnest/lol/utils/LaneTypeUtils.java
/Users/Lorenzo.Sanseverino/Documents/GitHub/Beebot/src/main/java/com/safjnest/core/events/types/WarningEvent.java
/Users/Lorenzo.Sanseverino/Documents/GitHub/Beebot/src/main/java/com/safjnest/model/guild/GuildData.java
/Users/Lorenzo.Sanseverino/Documents/GitHub/Beebot/src/main/java/com/safjnest/commands/misc/APOD.java
/Users/Lorenzo.Sanseverino/Documents/GitHub/Beebot/src/main/java/com/safjnest/commands/owner/Jelly.java
/Users/Lorenzo.Sanseverino/Documents/GitHub/Beebot/src/main/java/com/safjnest/lol/message/LeagueMessage.java
/Users/Lorenzo.Sanseverino/Documents/GitHub/Beebot/src/main/java/com/safjnest/model/guild/BlacklistData.java
/Users/Lorenzo.Sanseverino/Documents/GitHub/Beebot/src/main/java/com/safjnest/status/StatusService.java
/Users/Lorenzo.Sanseverino/Documents/GitHub/Beebot/src/main/java/com/safjnest/commands/audio/search/Search.java
/Users/Lorenzo.Sanseverino/Documents/GitHub/Beebot/src/main/java/com/safjnest/lol/model/status/MongoCollectionPerformance.java
/Users/Lorenzo.Sanseverino/Documents/GitHub/Beebot/src/main/java/com/safjnest/utils/log/LoggerIDpair.java
/Users/Lorenzo.Sanseverino/Documents/GitHub/Beebot/src/main/java/org/voicerss/tts/Audio/AudioFormat.java
/Users/Lorenzo.Sanseverino/Documents/GitHub/Beebot/src/main/java/com/safjnest/commands/guild/ServerInfo.java
/Users/Lorenzo.Sanseverino/Documents/GitHub/Beebot/src/main/java/com/safjnest/sql/database/LeagueDB.java
/Users/Lorenzo.Sanseverino/Documents/GitHub/Beebot/src/main/java/com/safjnest/lol/model/status/MongoOperationSample.java
/Users/Lorenzo.Sanseverino/Documents/GitHub/Beebot/src/main/java/com/safjnest/utils/DateHandler.java
/Users/Lorenzo.Sanseverino/Documents/GitHub/Beebot/src/main/java/com/safjnest/commands/lol/Champions.java
/Users/Lorenzo.Sanseverino/Documents/GitHub/Beebot/src/main/java/com/safjnest/commands/settings/Prefix.java
/Users/Lorenzo.Sanseverino/Documents/GitHub/Beebot/src/main/java/com/safjnest/lol/model/ActivityFilter.java
/Users/Lorenzo.Sanseverino/Documents/GitHub/Beebot/src/main/java/com/safjnest/model/util/ColorDeserializer.java
/Users/Lorenzo.Sanseverino/Documents/GitHub/Beebot/src/main/java/com/safjnest/commands/settings/LevelUp.java
/Users/Lorenzo.Sanseverino/Documents/GitHub/Beebot/src/main/java/com/safjnest/commands/lol/summoner/SummonerChampion.java
/Users/Lorenzo.Sanseverino/Documents/GitHub/Beebot/src/main/java/com/safjnest/spring/config/LolApiConfig.java
/Users/Lorenzo.Sanseverino/Documents/GitHub/Beebot/src/main/java/com/safjnest/lol/model/status/JvmMetrics.java
/Users/Lorenzo.Sanseverino/Documents/GitHub/Beebot/src/main/java/com/safjnest/model/sound/Sound.java
/Users/Lorenzo.Sanseverino/Documents/GitHub/Beebot/src/main/java/com/safjnest/core/audio/PlayerManager.java
/Users/Lorenzo.Sanseverino/Documents/GitHub/Beebot/src/main/java/com/safjnest/utils/BotCommand.java
/Users/Lorenzo.Sanseverino/Documents/GitHub/Beebot/src/main/java/com/safjnest/lol/model/status/JobStatus.java
/Users/Lorenzo.Sanseverino/Documents/GitHub/Beebot/src/main/java/com/safjnest/lol/model/match/LiveGame.java
/Users/Lorenzo.Sanseverino/Documents/GitHub/Beebot/src/main/java/com/safjnest/utils/HttpUtils.java
/Users/Lorenzo.Sanseverino/Documents/GitHub/Beebot/src/main/java/com/safjnest/commands/lol/Augment.java
/Users/Lorenzo.Sanseverino/Documents/GitHub/Beebot/src/main/java/com/safjnest/commands/audio/soundboard/SoundboardAdd.java
/Users/Lorenzo.Sanseverino/Documents/GitHub/Beebot/src/main/java/com/safjnest/redis/RedisClient.java
/Users/Lorenzo.Sanseverino/Documents/GitHub/Beebot/src/main/java/com/safjnest/commands/guild/Warn.java
/Users/Lorenzo.Sanseverino/Documents/GitHub/Beebot/src/main/java/com/safjnest/spring/SpringServer.java
/Users/Lorenzo.Sanseverino/Documents/GitHub/Beebot/src/main/java/com/safjnest/commands/members/Permissions.java
/Users/Lorenzo.Sanseverino/Documents/GitHub/Beebot/src/main/java/com/safjnest/commands/owner/ChampionStats.java
/Users/Lorenzo.Sanseverino/Documents/GitHub/Beebot/src/main/java/com/safjnest/model/BotSettings/AppConfig.java
/Users/Lorenzo.Sanseverino/Documents/GitHub/Beebot/src/main/java/com/safjnest/lol/service/RankService.java
/Users/Lorenzo.Sanseverino/Documents/GitHub/Beebot/src/main/java/com/safjnest/commands/owner/Shutdown.java
/Users/Lorenzo.Sanseverino/Documents/GitHub/Beebot/src/main/java/com/safjnest/spring/controller/ChampionController.java
/Users/Lorenzo.Sanseverino/Documents/GitHub/Beebot/src/main/java/com/safjnest/lol/model/ChampionStatistics.java
/Users/Lorenzo.Sanseverino/Documents/GitHub/Beebot/src/main/java/com/safjnest/commands/misc/spotify/Spotify.java
/Users/Lorenzo.Sanseverino/Documents/GitHub/Beebot/src/main/java/com/safjnest/commands/lol/summoner/SummonerOverview.java
/Users/Lorenzo.Sanseverino/Documents/GitHub/Beebot/src/main/java/com/safjnest/lol/queue/scheduler/DatabaseWorkerType.java
/Users/Lorenzo.Sanseverino/Documents/GitHub/Beebot/src/main/java/com/safjnest/commands/owner/VandalizeServer.java
/Users/Lorenzo.Sanseverino/Documents/GitHub/Beebot/src/main/java/com/safjnest/model/spotify/SpotifyTrackStreaming.java
/Users/Lorenzo.Sanseverino/Documents/GitHub/Beebot/src/main/java/com/safjnest/commands/members/Blacklist.java
/Users/Lorenzo.Sanseverino/Documents/GitHub/Beebot/src/main/java/com/safjnest/lol/service/SummonerService.java
/Users/Lorenzo.Sanseverino/Documents/GitHub/Beebot/src/main/java/com/safjnest/lol/model/status/MongoPerformanceMetrics.java
/Users/Lorenzo.Sanseverino/Documents/GitHub/Beebot/src/main/java/com/safjnest/utils/SettingsLoader.java
/Users/Lorenzo.Sanseverino/Documents/GitHub/Beebot/src/main/java/com/safjnest/lol/service/MasteryService.java
/Users/Lorenzo.Sanseverino/Documents/GitHub/Beebot/src/main/java/com/safjnest/lol/model/ProfileIndexable.java
/Users/Lorenzo.Sanseverino/Documents/GitHub/Beebot/src/main/java/com/safjnest/commands/lol/summoner/Summoner.java
/Users/Lorenzo.Sanseverino/Documents/GitHub/Beebot/src/main/java/com/safjnest/lol/message/LeagueMessageParameter.java
/Users/Lorenzo.Sanseverino/Documents/GitHub/Beebot/src/main/java/org/voicerss/tts/Speech/SpeechErrorEvent.java
/Users/Lorenzo.Sanseverino/Documents/GitHub/Beebot/src/main/java/com/safjnest/commands/audio/Connect.java
/Users/Lorenzo.Sanseverino/Documents/GitHub/Beebot/src/main/java/com/safjnest/lol/utils/GameQueueTypeUtils.java
/Users/Lorenzo.Sanseverino/Documents/GitHub/Beebot/src/main/java/com/safjnest/lol/service/MatchDiscoveryService.java
/Users/Lorenzo.Sanseverino/Documents/GitHub/Beebot/src/main/java/com/safjnest/lol/model/Filter.java
/Users/Lorenzo.Sanseverino/Documents/GitHub/Beebot/src/main/java/com/safjnest/core/events/EventHandler.java
/Users/Lorenzo.Sanseverino/Documents/GitHub/Beebot/src/main/java/com/safjnest/core/events/interfaces/BeebotListenerAdapter.java
/Users/Lorenzo.Sanseverino/Documents/GitHub/Beebot/src/main/java/com/safjnest/core/audio/types/ReplyType.java
/Users/Lorenzo.Sanseverino/Documents/GitHub/Beebot/src/main/java/com/safjnest/commands/misc/twitch/TwitchUser.java
/Users/Lorenzo.Sanseverino/Documents/GitHub/Beebot/src/main/java/com/safjnest/spring/controller/ProfileIndexableController.java
/Users/Lorenzo.Sanseverino/Documents/GitHub/Beebot/src/main/java/com/safjnest/commands/lol/Item.java
/Users/Lorenzo.Sanseverino/Documents/GitHub/Beebot/src/main/java/com/safjnest/lol/queue/scheduler/SyncScheduler.java
/Users/Lorenzo.Sanseverino/Documents/GitHub/Beebot/src/main/java/com/safjnest/core/chat/ChatHandler.java
/Users/Lorenzo.Sanseverino/Documents/GitHub/Beebot/src/main/java/com/safjnest/utils/ExperienceSystem.java
/Users/Lorenzo.Sanseverino/Documents/GitHub/Beebot/src/main/java/com/safjnest/commands/misc/spotify/SpotifyTracks.java
/Users/Lorenzo.Sanseverino/Documents/GitHub/Beebot/src/main/java/com/safjnest/lol/queue/scheduler/RiotScheduler.java
/Users/Lorenzo.Sanseverino/Documents/GitHub/Beebot/src/main/java/com/safjnest/commands/lol/summoner/SummonerProfile.java
/Users/Lorenzo.Sanseverino/Documents/GitHub/Beebot/src/main/java/com/safjnest/utils/AutomatedActionTimer.java
/Users/Lorenzo.Sanseverino/Documents/GitHub/Beebot/src/main/java/com/safjnest/model/BotSettings/AWSSettings.java
/Users/Lorenzo.Sanseverino/Documents/GitHub/Beebot/src/main/java/com/safjnest/utils/twitch/TwitchClient.java
/Users/Lorenzo.Sanseverino/Documents/GitHub/Beebot/src/main/java/com/safjnest/commands/misc/twitch/TwitchUnlink.java
/Users/Lorenzo.Sanseverino/Documents/GitHub/Beebot/src/main/java/com/safjnest/commands/settings/Leave.java
/Users/Lorenzo.Sanseverino/Documents/GitHub/Beebot/src/main/java/com/safjnest/status/SystemMetricsSampler.java
/Users/Lorenzo.Sanseverino/Documents/GitHub/Beebot/src/main/java/com/safjnest/lol/queue/Registry.java
/Users/Lorenzo.Sanseverino/Documents/GitHub/Beebot/src/main/java/com/safjnest/model/BotSettings/Settings.java
/Users/Lorenzo.Sanseverino/Documents/GitHub/Beebot/src/main/java/com/safjnest/model/guild/alert/AlertType.java
/Users/Lorenzo.Sanseverino/Documents/GitHub/Beebot/src/main/java/com/safjnest/lol/champion/ChampionBuildData.java
/Users/Lorenzo.Sanseverino/Documents/GitHub/Beebot/src/main/java/com/safjnest/utils/PermissionHandler.java
/Users/Lorenzo.Sanseverino/Documents/GitHub/Beebot/src/main/java/com/safjnest/spring/controller/LeaderboardController.java
/Users/Lorenzo.Sanseverino/Documents/GitHub/Beebot/src/main/java/com/safjnest/lol/champion/ChampionBuildProvider.java
/Users/Lorenzo.Sanseverino/Documents/GitHub/Beebot/src/main/java/com/safjnest/model/spotify/SpotifyArtist.java
/Users/Lorenzo.Sanseverino/Documents/GitHub/Beebot/src/main/java/com/safjnest/lol/model/status/SystemMetrics.java
/Users/Lorenzo.Sanseverino/Documents/GitHub/Beebot/src/main/java/com/safjnest/commands/audio/playlist/PlaylistOrder.java
/Users/Lorenzo.Sanseverino/Documents/GitHub/Beebot/src/main/java/com/safjnest/lol/model/match/MatchPage.java
/Users/Lorenzo.Sanseverino/Documents/GitHub/Beebot/src/main/java/com/safjnest/utils/TableHandler.java
/Users/Lorenzo.Sanseverino/Documents/GitHub/Beebot/src/main/java/com/safjnest/lol/utils/ChampionUtils.java
/Users/Lorenzo.Sanseverino/Documents/GitHub/Beebot/src/main/java/com/safjnest/lol/queue/Router.java
/Users/Lorenzo.Sanseverino/Documents/GitHub/Beebot/src/main/java/com/safjnest/model/guild/alert/AlertSendType.java
/Users/Lorenzo.Sanseverino/Documents/GitHub/Beebot/src/main/java/com/safjnest/commands/owner/Chat.java
/Users/Lorenzo.Sanseverino/Documents/GitHub/Beebot/src/main/java/com/safjnest/commands/audio/playlist/PlaylistCreate.java
/Users/Lorenzo.Sanseverino/Documents/GitHub/Beebot/src/main/java/com/safjnest/lol/service/ProfileService.java
/Users/Lorenzo.Sanseverino/Documents/GitHub/Beebot/src/main/java/com/safjnest/commands/misc/Ping.java
/Users/Lorenzo.Sanseverino/Documents/GitHub/Beebot/src/main/java/com/safjnest/commands/audio/search/SearchYoutube.java
/Users/Lorenzo.Sanseverino/Documents/GitHub/Beebot/src/main/java/com/safjnest/commands/queue/Previous.java
/Users/Lorenzo.Sanseverino/Documents/GitHub/Beebot/src/main/java/com/safjnest/core/events/EventHandlerBeebot.java
/Users/Lorenzo.Sanseverino/Documents/GitHub/Beebot/src/main/java/com/safjnest/utils/spotify/SpotifyException.java
/Users/Lorenzo.Sanseverino/Documents/GitHub/Beebot/src/main/java/com/safjnest/lol/model/status/MongoOperationRates.java
/Users/Lorenzo.Sanseverino/Documents/GitHub/Beebot/src/main/java/com/safjnest/nosql/AbstractEntity.java
/Users/Lorenzo.Sanseverino/Documents/GitHub/Beebot/src/main/java/com/safjnest/lol/model/ApiResult.java
/Users/Lorenzo.Sanseverino/Documents/GitHub/Beebot/src/main/java/org/voicerss/tts/Languages.java
/Users/Lorenzo.Sanseverino/Documents/GitHub/Beebot/src/main/java/com/safjnest/commands/guild/Leaderboard.java
/Users/Lorenzo.Sanseverino/Documents/GitHub/Beebot/src/main/java/com/safjnest/nosql/MongoServerStatusSnapshot.java
/Users/Lorenzo.Sanseverino/Documents/GitHub/Beebot/src/main/java/com/safjnest/commands/lol/Champion.java
/Users/Lorenzo.Sanseverino/Documents/GitHub/Beebot/src/main/java/com/safjnest/commands/misc/omegle/OmegleConnect.java
/Users/Lorenzo.Sanseverino/Documents/GitHub/Beebot/src/main/java/com/safjnest/commands/audio/greet/GreetView.java
/Users/Lorenzo.Sanseverino/Documents/GitHub/Beebot/src/main/java/org/voicerss/tts/Voice/Voices.java
/Users/Lorenzo.Sanseverino/Documents/GitHub/Beebot/src/main/java/com/safjnest/commands/audio/list/ListUser.java
/Users/Lorenzo.Sanseverino/Documents/GitHub/Beebot/src/main/java/com/safjnest/lol/service/ChampionService.java
/Users/Lorenzo.Sanseverino/Documents/GitHub/Beebot/src/main/java/com/safjnest/commands/audio/play/PlayYoutube.java
/Users/Lorenzo.Sanseverino/Documents/GitHub/Beebot/src/main/java/com/safjnest/redis/RedisMemoryParser.java
/Users/Lorenzo.Sanseverino/Documents/GitHub/Beebot/src/main/java/com/safjnest/model/BotSettings/SpotifySettings.java
/Users/Lorenzo.Sanseverino/Documents/GitHub/Beebot/src/main/java/com/safjnest/core/audio/ResultHandler.java
/Users/Lorenzo.Sanseverino/Documents/GitHub/Beebot/src/main/java/com/safjnest/commands/misc/InviteBot.java
/Users/Lorenzo.Sanseverino/Documents/GitHub/Beebot/src/main/java/com/safjnest/commands/queue/Pause.java
/Users/Lorenzo.Sanseverino/Documents/GitHub/Beebot/src/main/java/com/safjnest/lol/queue/worker/JobWorker.java
/Users/Lorenzo.Sanseverino/Documents/GitHub/Beebot/src/main/java/com/safjnest/utils/spotify/type/SpotifyMessageType.java
/Users/Lorenzo.Sanseverino/Documents/GitHub/Beebot/src/main/java/com/safjnest/lol/model/summoner/Summoner.java
/Users/Lorenzo.Sanseverino/Documents/GitHub/Beebot/src/main/java/com/safjnest/commands/owner/Ram.java
/Users/Lorenzo.Sanseverino/Documents/GitHub/Beebot/src/main/java/com/safjnest/lol/model/summoner/SummonerView.java
/Users/Lorenzo.Sanseverino/Documents/GitHub/Beebot/src/main/java/com/safjnest/utils/SafJNest.java
/Users/Lorenzo.Sanseverino/Documents/GitHub/Beebot/src/main/java/com/safjnest/commands/misc/Alias.java
/Users/Lorenzo.Sanseverino/Documents/GitHub/Beebot/src/main/java/com/safjnest/commands/audio/playlist/PlaylistPlay.java
